Unhandled exception. Npgsql.PostgresException (0x80004005): 42P01: relation "identity.OpenIddictApplications" does not exist

POSITION: 277
   at Npgsql.Internal.NpgsqlConnector.ReadMessageLong(Boolean async, DataRowLoadingMode dataRowLoadingMode, Boolean readingNotifications, Boolean isReadingPrependedMessage)
   at System.Runtime.CompilerServices.PoolingAsyncValueTaskMethodBuilder`1.StateMachineBox`1.System.Threading.Tasks.Sources.IValueTaskSource<TResult>.GetResult(Int16 token)
   at Npgsql.NpgsqlDataReader.NextResult(Boolean async, Boolean isConsuming, CancellationToken cancellationToken)
   at Npgsql.NpgsqlDataReader.NextResult(Boolean async, Boolean isConsuming, CancellationToken cancellationToken)
   at Npgsql.NpgsqlCommand.ExecuteReader(Boolean async, CommandBehavior behavior, CancellationToken cancellationToken)
   at Npgsql.NpgsqlCommand.ExecuteReader(Boolean async, CommandBehavior behavior, CancellationToken cancellationToken)
   at Npgsql.NpgsqlCommand.ExecuteDbDataReaderAsync(CommandBehavior behavior, CancellationToken cancellationToken)
   at Microsoft.EntityFrameworkCore.Storage.RelationalCommand.ExecuteReaderAsync(RelationalCommandParameterObject parameterObject, CancellationToken cancellationToken)
   at Microsoft.EntityFrameworkCore.Storage.RelationalCommand.ExecuteReaderAsync(RelationalCommandParameterObject parameterObject, CancellationToken cancellationToken)
   at Microsoft.EntityFrameworkCore.Query.Internal.SplitQueryingEnumerable`1.AsyncEnumerator.InitializeReaderAsync(AsyncEnumerator enumerator, CancellationToken cancellationToken)
   at Npgsql.EntityFrameworkCore.PostgreSQL.Storage.Internal.NpgsqlExecutionStrategy.ExecuteAsync[TState,TResult](TState state, Func`4 operation, Func`4 verifySucceeded, CancellationToken cancellationToken)
   at Microsoft.EntityFrameworkCore.Query.Internal.SplitQueryingEnumerable`1.AsyncEnumerator.MoveNextAsync()
   at Microsoft.EntityFrameworkCore.Query.ShapedQueryCompilingExpressionVisitor.SingleOrDefaultAsync[TSource](IAsyncEnumerable`1 asyncEnumerable, CancellationToken cancellationToken)
   at Microsoft.EntityFrameworkCore.Query.ShapedQueryCompilingExpressionVisitor.SingleOrDefaultAsync[TSource](IAsyncEnumerable`1 asyncEnumerable, CancellationToken cancellationToken)
   at OpenIddict.EntityFrameworkCore.OpenIddictEntityFrameworkCoreApplicationStore`4.FindByClientIdAsync(String identifier, CancellationToken cancellationToken)
   at OpenIddict.Core.OpenIddictApplicationCache`1.<>c__DisplayClass6_0.<<FindByClientIdAsync>g__ExecuteAsync|0>d.MoveNext()
--- End of stack trace from previous location ---
   at OpenIddict.Core.OpenIddictApplicationManager`1.FindByClientIdAsync(String identifier, CancellationToken cancellationToken)
   at OpenIddict.Core.OpenIddictApplicationManager`1.OpenIddict.Abstractions.IOpenIddictApplicationManager.FindByClientIdAsync(String identifier, CancellationToken cancellationToken)
   at ProcureFlow.Modules.Identity.Infrastructure.OpenIddict.OpenIddictClientSeeder.StartAsync(CancellationToken cancellationToken) in E:\Personal\framework\modulus\samples\ProcureFlow\src\Modules\Identity\ProcureFlow.Modules.Identity.Infrastructure\OpenIddict\OpenIddictClientSeeder.cs:line 19
   at Microsoft.Extensions.Hosting.Internal.Host.<StartAsync>b__14_1(IHostedService service, CancellationToken token)
   at Microsoft.Extensions.Hosting.Internal.Host.ForeachService[T](IEnumerable`1 services, CancellationToken token, Boolean concurrent, Boolean abortOnFirstException, List`1 exceptions, Func`3 operation)
   at Microsoft.Extensions.Hosting.Internal.Host.StartAsync(CancellationToken cancellationToken)
   at Microsoft.Extensions.Hosting.HostingAbstractionsHostExtensions.RunAsync(IHost host, CancellationToken token)
   at Microsoft.Extensions.Hosting.HostingAbstractionsHostExtensions.RunAsync(IHost host, CancellationToken token)
   at Microsoft.Extensions.Hosting.HostingAbstractionsHostExtensions.Run(IHost host)
   at Program.<Main>$(String[] args) in E:\Personal\framework\modulus\samples\ProcureFlow\src\API\ProcureFlow.Api\Program.cs:line 600
   at Program.<Main>(String[] args)
  Exception data:
    Severity: ERROR
    SqlState: 42P01
    MessageText: relation "identity.OpenIddictApplications" does not exist
    Position: 277
    File: parse_relation.c
    Line: 1428
    Routine: parserOpenTable
